Код который прислал вначале собирается и работает на 
Ubuntu 16.04, 
но не на Windows 10.

ошибки:
* toAscii() поменять на toLatin1() // на убунте где работал код Qt версии 5.15.1 на windows версия Qt 5.15.2. Видимо убрали метод toAscii() в QString либо библиотеки отличаются на Windows и Ubuntu.
* incommingConnection(int ) заменить на incommingConnection(qintptr) // на Ubuntu 16.04 с Qt 5.15.1  сервер работает хорошо, а на Windows сервер не вызывает соответствующую функцию

Тут измененные source файлы. Файлы с исправленными выше ошибками
